// Jest Snapshot v1, https://goo.gl/fbAQLP

exports[`Review Should render correctly 1`] = `
<div
  className="review"
>
  <blockquote
    className="review__quote"
  >
    <p
      className="review__text"
    >
      some review text 1
    </p>
    <footer
      className="review__details"
    >
      <cite
        className="review__author"
      >
        Author name1
      </cite>
      <time
        className="review__date"
        dateTime="1/1/2020"
      >
        January 1, 2020
      </time>
    </footer>
  </blockquote>
  <div
    className="review__rating"
  >
    1.1
  </div>
</div>
`;
