// Jest Snapshot v1, https://goo.gl/fbAQLP

exports[`MovieCard Should render correctly 1`] = `
<article
  className="small-movie-card catalog__movies-card"
>
  <a
    className="small-movie-card__link"
    href="/films/15"
    onClick={[Function]}
  >
    <video
      className="small-movie-card__image"
      height="175"
      muted={true}
      onMouseEnter={[Function]}
      onMouseLeave={[Function]}
      poster="#cover"
      preload="none"
      src="#preview"
      width="280"
    />
    <h3
      className="small-movie-card__title"
    >
      <span
        className="small-movie-card__link"
      >
        The Revenant
      </span>
    </h3>
  </a>
</article>
`;
